Makefile
log.txt
ls.txt
script.wsh
test
test0.txt
test1.txt
test2.txt
test3.txt
wsh
wsh-dbg
wsh.c
wsh.h
wsh.h.gch
