1.out
Makefile
hello.txt
input.txt
log.txt
ls.txt
output.txt
output1.txt
script.wsh
test
test0.txt
test1.txt
test2.txt
test3.txt
wsh
wsh-dbg
wsh.c
wsh.h
wsh.h.gch
