sb: num inodes [/tmp/shiya/test-disk1]: found 0 expected 1024
